// Jest Snapshot v1, https://goo.gl/fbAQLP

exports[`central API it matches expected config 1`] = `
Object {
  "app": Array [
    "./src/main",
  ],
  "polyfills": "./src/polyfills",
}
`;
